// Vitest Snapshot v1

exports[`ModalBase > renderiza e exibe o componente de acordo com o valor provido pelo componente pai 1`] = `
"<transition-stub enterfromclass=\\"opacity-0 scale-150\\" entertoclass=\\"opacity-100 scale-100\\" enteractiveclass=\\"transition duration-300 transform-gpu\\" leaveactiveclass=\\"transition duration-200 transform-gpu\\" leavefromclass=\\"opacity-100 scale-100\\" leavetoclass=\\"opacity-0 scale-150\\" appear=\\"false\\" persisted=\\"false\\" css=\\"true\\">
  <div class=\\"fixed inset-0 z-20 grid place-items-center bg-primaria-100/80 text-xl text-primaria-900 dark:bg-secundaria-900/80 dark:text-secundaria-50\\">
    <article class=\\"w-full divide-y lg:w-8/12\\">
      <header class=\\"rounded-t-lg bg-primaria-300 p-3 dark:bg-secundaria-700\\">
        <h6 class=\\"text-2xl font-bold\\">foo</h6>
      </header>
      <div class=\\"max-h-48 overflow-y-auto bg-primaria-50 px-3 py-6 dark:bg-secundaria-900 lg:px-24\\">bar</div>
      <footer class=\\"flex flex-col justify-end space-x-0 space-y-3 rounded-b-lg bg-primaria-300 p-3 dark:bg-secundaria-700 lg:flex-row lg:items-center lg:space-x-3 lg:space-y-0\\">baz<button class=\\"bg-gray-500 text-gray-50 ring-gray-600 hover:bg-gray-600 focus:bg-gray-600 inline-flex transform-gpu items-center justify-center space-x-4 rounded-lg px-4 py-2 outline-none transition duration-300 hover:ring-4 focus:ring-4 disabled:cursor-not-allowed disabled:opacity-50\\" type=\\"button\\" dusk=\\"btn-cancelar\\"><span dusk=\\"texto\\">Cancelar</span><svg class=\\"w-6 h-6\\" fill=\\"currentColor\\" viewBox=\\"0 0 16 16\\" xmlns=\\"http://www.w3.org/2000/svg\\">
            <path d=\\"M8 15A7 7 0 1 1 8 1a7 7 0 0 1 0 14zm0 1A8 8 0 1 0 8 0a8 8 0 0 0 0 16z\\"></path>
            <path d=\\"M4.646 4.646a.5.5 0 0 1 .708 0L8 7.293l2.646-2.647a.5.5 0 0 1 .708.708L8.707 8l2.647 2.646a.5.5 0 0 1-.708.708L8 8.707l-2.646 2.647a.5.5 0 0 1-.708-.708L7.293 8 4.646 5.354a.5.5 0 0 1 0-.708z\\"></path>
          </svg></button></footer>
    </article>
  </div>
</transition-stub>"
`;

exports[`ModalBase > renderiza e exibe o componente de acordo com o valor provido pelo componente pai 2`] = `
"<transition-stub enterfromclass=\\"opacity-0 scale-150\\" entertoclass=\\"opacity-100 scale-100\\" enteractiveclass=\\"transition duration-300 transform-gpu\\" leaveactiveclass=\\"transition duration-200 transform-gpu\\" leavefromclass=\\"opacity-100 scale-100\\" leavetoclass=\\"opacity-0 scale-150\\" appear=\\"false\\" persisted=\\"false\\" css=\\"true\\">
  <!--v-if-->
</transition-stub>"
`;
