// Vitest Snapshot v1

exports[`MultipleCheckBox > renderiza o componente desabilitado respeitando o snapshot 1`] = `"<div class=\\"flex flex-col items-start space-y-3\\"><label for=\\"foo\\" class=\\"inline-flex select-none items-center space-x-2\\" dusk=\\"label\\"><input id=\\"foo\\" disabled=\\"\\" class=\\"h-5 w-5 accent-primaria-500\\" type=\\"checkbox\\"><span>foo</span></label><label for=\\"bar\\" class=\\"inline-flex select-none items-center space-x-2\\" dusk=\\"label\\"><input id=\\"bar\\" disabled=\\"\\" class=\\"h-5 w-5 accent-primaria-500\\" type=\\"checkbox\\"><span>bar</span></label><label for=\\"baz\\" class=\\"inline-flex select-none items-center space-x-2\\" dusk=\\"label\\"><input id=\\"baz\\" disabled=\\"\\" class=\\"h-5 w-5 accent-primaria-500\\" type=\\"checkbox\\"><span>baz</span></label></div>"`;

exports[`MultipleCheckBox > renderiza o componente respeitando o snapshot 1`] = `"<div class=\\"flex flex-col items-start space-y-3\\"><label for=\\"foo\\" class=\\"inline-flex select-none items-center space-x-2\\" dusk=\\"label\\"><input id=\\"foo\\" class=\\"h-5 w-5 accent-primaria-500\\" type=\\"checkbox\\"><span>foo</span></label><label for=\\"bar\\" class=\\"inline-flex select-none items-center space-x-2\\" dusk=\\"label\\"><input id=\\"bar\\" class=\\"h-5 w-5 accent-primaria-500\\" type=\\"checkbox\\"><span>bar</span></label><label for=\\"baz\\" class=\\"inline-flex select-none items-center space-x-2\\" dusk=\\"label\\"><input id=\\"baz\\" class=\\"h-5 w-5 accent-primaria-500\\" type=\\"checkbox\\"><span>baz</span></label></div>"`;
